// Jest Snapshot v1, https://goo.gl/fbAQLP

exports[`should render index.jsx 1`] = `
<div>
  <div>
    <header>
      <p>
        Please Sign the Guest book
      </p>
    </header>
    <main>
      <h1
        class="text-black p-5 font-bold text-center"
      >
        Please Sign the Guestbook!
      </h1>
      <form
        class="w-full max-w-sm"
      >
        <div>
          <div>
            <label
              class="labelText"
              for="guestName"
            >
              Guest Name
            </label>
          </div>
          <div>
            <input
              id="guestName"
              placeholder="Guest Name..."
              type="text"
              value=""
            />
          </div>
        </div>
        <div
          class="md:flex md:items-center mb-6"
        >
          <div
            class="md:w-1/3"
          >
            <label
              class="labelText"
              for="guestEntry"
            >
              Guest Entry
            </label>
          </div>
          <div
            class="md:w-2/3"
          >
            <textarea
              id="guestEntry"
              placeholder="Your Entry!"
            />
          </div>
        </div>
        <div>
          <button
            class="button"
            type="submit"
          >
            Sign üñäÔ∏è
          </button>
          
        </div>
      </form>
      <div />
    </main>
    <div>
      I'm a footer
    </div>
  </div>
</div>
`;
